2026-09-24 09:22:03,894 | INFO | Secret 'ad-cred' retrieved successfully
2026-09-24 09:22:07,892 | INFO | LDAP connection successful | user=SVC-Python@slb-tst.com | server=dir-tst.slb-tst.com
2026-09-24 09:22:07,893 | INFO | LDAP service initialized | host=dir-tst.slb-tst.com | port=636 | search_base=DC=dir-tst,DC=slb-tst,DC=com
2026-09-24 09:22:08,325 | INFO | EntraIDService initialized (Interactive / Delegated) | tenant=organizations
2026-09-24 09:22:10,982 | INFO | Secret 'lds-cred' retrieved successfully
2026-09-24 09:22:12,969 | INFO | LDAP connection successful | user=GuermeurGroupManagem@slb.com | server=evq.lds.slb.com
2026-09-24 09:22:12,969 | INFO | LDAP service initialized | host=evq.lds.slb.com | port=636 | search_base=O=slb,C=an
2026-09-24 09:22:34,096 | INFO | Retrieved group members | group=Other_Python-Test-Group-6 | count=0
2026-09-24 09:22:44,991 | INFO | Secret 'ad-cred' retrieved successfully
2026-09-24 09:22:51,148 | INFO | LDAP connection successful | user=SVC-Python@slb-tst.com | server=dir-tst.slb-tst.com
2026-09-24 09:22:51,149 | INFO | LDAP service initialized | host=dir-tst.slb-tst.com | port=636 | search_base=DC=dir-tst,DC=slb-tst,DC=com
2026-09-24 09:22:51,736 | INFO | EntraIDService initialized (Interactive / Delegated) | tenant=organizations
2026-09-24 09:22:54,597 | INFO | Secret 'lds-cred' retrieved successfully
2026-09-24 09:22:56,614 | INFO | LDAP connection successful | user=GuermeurGroupManagem@slb.com | server=evq.lds.slb.com
2026-09-24 09:22:56,615 | INFO | LDAP service initialized | host=evq.lds.slb.com | port=636 | search_base=O=slb,C=an
2026-09-24 09:22:56,615 | INFO | Running sync 'Python Test Group Sync AD to AD::Python-Test-Group-1->Python-Test-Group-2' (AD_TO_AD)
2026-09-24 09:22:57,077 | INFO | Starting AD_TO_AD sync | source=Python-Test-Group-1 | target=Python-Test-Group-2
2026-09-24 09:22:57,773 | INFO | Retrieved group members | group=Python-Test-Group-1 | count=5
2026-09-24 09:22:58,003 | INFO | Retrieved group members | group=Python-Test-Group-2 | count=0
2026-09-24 09:22:58,233 | INFO | AUDIT | action=ADD | user=CN=Mailbox Houston AP (Smith)  646954,OU=General,OU=Role,OU=Accounts,DC=dir-tst,DC=slb-tst,DC=com | group=CN=Python-Test-Group-2,OU=EAR-AA-121,OU=Applications,OU=Groups,DC=dir-tst,DC=slb-tst,DC=com | success=True | details=
2026-09-24 09:22:58,463 | INFO | AUDIT | action=ADD | user=CN=Jhon Pena,OU=Priv,OU=Admins,DC=dir-tst,DC=slb-tst,DC=com | group=CN=Python-Test-Group-2,OU=EAR-AA-121,OU=Applications,OU=Groups,DC=dir-tst,DC=slb-tst,DC=com | success=True | details=
2026-09-24 09:22:58,693 | INFO | AUDIT | action=ADD | user=CN=Jose Castano,OU=Priv,OU=Admins,DC=dir-tst,DC=slb-tst,DC=com | group=CN=Python-Test-Group-2,OU=EAR-AA-121,OU=Applications,OU=Groups,DC=dir-tst,DC=slb-tst,DC=com | success=True | details=
2026-09-24 09:22:58,925 | INFO | AUDIT | action=ADD | user=CN=Nurul Nadiah Mhd Efendi  900402,OU=Employee,OU=Accounts,DC=dir-tst,DC=slb-tst,DC=com | group=CN=Python-Test-Group-2,OU=EAR-AA-121,OU=Applications,OU=Groups,DC=dir-tst,DC=slb-tst,DC=com | success=True | details=
2026-09-24 09:22:59,156 | INFO | AUDIT | action=ADD | user=CN=Gabriel Riano,OU=Priv,OU=Admin,DC=dir-tst,DC=slb-tst,DC=com | group=CN=Python-Test-Group-2,OU=EAR-AA-121,OU=Applications,OU=Groups,DC=dir-tst,DC=slb-tst,DC=com | success=True | details=
2026-09-24 09:22:59,156 | INFO | AD_TO_AD complete | source=Python-Test-Group-1 | target=Python-Test-Group-2 | source_members=5 | target_members=0 | add=5 | remove=0
2026-09-24 09:22:59,157 | INFO | AUDIT | action=SYNC_AD_TO_AD | user=Python-Test-Group-1 | group=Python-Test-Group-2 | success=True | details=source_members=5;target_members=0;add=5;remove=0
2026-09-24 09:22:59,162 | INFO | Running sync 'Python Test Group Sync Entra to AD::Python-Test-Group-3->Python-Test-Group-4' (ENTRA_TO_AD)
2026-09-24 09:23:00,826 | INFO | Starting ENTRA_TO_AD sync | source=Python-Test-Group-3 | target=Python-Test-Group-4
2026-09-24 09:23:01,053 | INFO | Retrieving EntraID group members | group=Python-Test-Group-3
2026-09-24 09:23:01,054 | INFO | Searching EntraID group | group=Python-Test-Group-3
2026-09-24 09:23:02,536 | INFO | EntraID group found | group=Python-Test-Group-3 | id=61d5639d-ce08-4093-9c97-ef68286c09e4
2026-09-24 09:23:04,417 | INFO | EntraID members retrieved | group=Python-Test-Group-3 | count=5 | pages=1
2026-09-24 09:23:04,648 | INFO | User lookup successful | email=MBXHoustonAP@slb-tst.com | dn=CN=Mailbox Houston AP (Smith)  646954,OU=General,OU=Role,OU=Accounts,DC=dir-tst,DC=slb-tst,DC=com
2026-09-24 09:23:04,884 | INFO | User lookup successful | email=ADM-JCastano5@slb-tst.com | dn=CN=Jose Castano,OU=Priv,OU=Admins,DC=dir-tst,DC=slb-tst,DC=com
2026-09-24 09:23:05,121 | INFO | User lookup successful | email=adm-JPena49@slb-tst.com | dn=CN=Jhon Pena,OU=Priv,OU=Admins,DC=dir-tst,DC=slb-tst,DC=com
2026-09-24 09:23:05,354 | INFO | User lookup successful | email=ADM-GRiano2@slb-tst.com | dn=CN=Gabriel Riano,OU=Priv,OU=Admin,DC=dir-tst,DC=slb-tst,DC=com
2026-09-24 09:23:05,584 | INFO | User lookup successful | email=NEfendi@slb-tst.com | dn=CN=Nurul Nadiah Mhd Efendi  900402,OU=Employee,OU=Accounts,DC=dir-tst,DC=slb-tst,DC=com
2026-09-24 09:23:05,810 | INFO | Retrieved group members | group=Python-Test-Group-4 | count=0
2026-09-24 09:23:06,040 | INFO | AUDIT | action=ADD | user=CN=Mailbox Houston AP (Smith)  646954,OU=General,OU=Role,OU=Accounts,DC=dir-tst,DC=slb-tst,DC=com | group=CN=Python-Test-Group-4,OU=EAR-AA-121,OU=Applications,OU=Groups,DC=dir-tst,DC=slb-tst,DC=com | success=True | details=
2026-09-24 09:23:06,266 | INFO | AUDIT | action=ADD | user=CN=Jhon Pena,OU=Priv,OU=Admins,DC=dir-tst,DC=slb-tst,DC=com | group=CN=Python-Test-Group-4,OU=EAR-AA-121,OU=Applications,OU=Groups,DC=dir-tst,DC=slb-tst,DC=com | success=True | details=
2026-09-24 09:23:06,496 | INFO | AUDIT | action=ADD | user=CN=Jose Castano,OU=Priv,OU=Admins,DC=dir-tst,DC=slb-tst,DC=com | group=CN=Python-Test-Group-4,OU=EAR-AA-121,OU=Applications,OU=Groups,DC=dir-tst,DC=slb-tst,DC=com | success=True | details=
2026-09-24 09:23:06,722 | INFO | AUDIT | action=ADD | user=CN=Nurul Nadiah Mhd Efendi  900402,OU=Employee,OU=Accounts,DC=dir-tst,DC=slb-tst,DC=com | group=CN=Python-Test-Group-4,OU=EAR-AA-121,OU=Applications,OU=Groups,DC=dir-tst,DC=slb-tst,DC=com | success=True | details=
2026-09-24 09:23:06,949 | INFO | AUDIT | action=ADD | user=CN=Gabriel Riano,OU=Priv,OU=Admin,DC=dir-tst,DC=slb-tst,DC=com | group=CN=Python-Test-Group-4,OU=EAR-AA-121,OU=Applications,OU=Groups,DC=dir-tst,DC=slb-tst,DC=com | success=True | details=
2026-09-24 09:23:06,950 | INFO | ENTRA_TO_AD complete | source=Python-Test-Group-3 | target=Python-Test-Group-4 | source_members=5 | target_members=0 | add=5 | remove=0
2026-09-24 09:23:06,950 | INFO | AUDIT | action=SYNC_ENTRA_TO_AD | user=Python-Test-Group-3 | group=Python-Test-Group-4 | success=True | details=source_members=5;target_members=0;add=5;remove=0
2026-09-24 09:23:06,954 | INFO | Running sync 'Python Test Group Sync AD to LDS::Python-Test-Group-5->Other_Python-Test-Group-6' (AD_TO_LDS)
2026-09-24 09:23:07,420 | INFO | Starting AD_TO_LDS sync | source=Python-Test-Group-5 | target=Other_Python-Test-Group-6
2026-09-24 09:23:08,113 | INFO | Retrieved group members | group=Python-Test-Group-5 | count=45
2026-09-24 09:23:08,368 | INFO | Users resolved by IDs | count=37
2026-09-24 09:23:08,603 | INFO | Retrieved group members | group=Other_Python-Test-Group-6 | count=0
2026-09-24 09:23:08,603 | INFO | Delta calculated | source=Python-Test-Group-5 | target=Other_Python-Test-Group-6 | add=37 | remove=0
2026-09-24 09:23:09,133 | INFO | AUDIT | action=ADD | user=CN=Daniel Giraldo  1284413,OU=employee,O=slb,C=an | group=CN=Other - Python-Test-Group-6  1000040493,OU=mg,OU=group,O=slb,C=an | success=True | details=
2026-09-24 09:23:09,381 | INFO | AUDIT | action=ADD | user=CN=Matheo Bermudez  1287914,OU=employee,O=slb,C=an | group=CN=Other - Python-Test-Group-6  1000040493,OU=mg,OU=group,O=slb,C=an | success=True | details=
2026-09-24 09:23:09,631 | INFO | AUDIT | action=ADD | user=CN=Nur Syahirah Binti Jamal  2067532,OU=student,O=slb,C=an | group=CN=Other - Python-Test-Group-6  1000040493,OU=mg,OU=group,O=slb,C=an | success=True | details=
2026-09-24 09:23:09,873 | INFO | AUDIT | action=ADD | user=CN=Dixon Melendez  1289782,OU=employee,O=slb,C=an | group=CN=Other - Python-Test-Group-6  1000040493,OU=mg,OU=group,O=slb,C=an | success=True | details=
2026-09-24 09:23:10,110 | INFO | AUDIT | action=ADD | user=CN=Farah Nabila Norzaman  1016291,OU=employee,O=slb,C=an | group=CN=Other - Python-Test-Group-6  1000040493,OU=mg,OU=group,O=slb,C=an | success=True | details=
2026-09-24 09:23:10,351 | INFO | AUDIT | action=ADD | user=CN=Yusbar Bahari  1010580,OU=employee,O=slb,C=an | group=CN=Other - Python-Test-Group-6  1000040493,OU=mg,OU=group,O=slb,C=an | success=True | details=
2026-09-24 09:23:10,587 | INFO | AUDIT | action=ADD | user=CN=Gustavo Carrera  184019,OU=employee,O=slb,C=an | group=CN=Other - Python-Test-Group-6  1000040493,OU=mg,OU=group,O=slb,C=an | success=True | details=
2026-09-24 09:23:10,823 | INFO | AUDIT | action=ADD | user=CN=Carlos Nino  1273627,OU=employee,O=slb,C=an | group=CN=Other - Python-Test-Group-6  1000040493,OU=mg,OU=group,O=slb,C=an | success=True | details=
2026-09-24 09:23:11,062 | INFO | AUDIT | action=ADD | user=CN=Ifaz K V M  361919,OU=employee,O=slb,C=an | group=CN=Other - Python-Test-Group-6  1000040493,OU=mg,OU=group,O=slb,C=an | success=True | details=
2026-09-24 09:23:11,298 | INFO | AUDIT | action=ADD | user=CN=Paula Diaz  1350461,OU=employee,O=slb,C=an | group=CN=Other - Python-Test-Group-6  1000040493,OU=mg,OU=group,O=slb,C=an | success=True | details=
2026-09-24 09:23:11,535 | INFO | AUDIT | action=ADD | user=CN=Fakhriatul Bashieroh Binti Pazli  1332887,OU=employee,O=slb,C=an | group=CN=Other - Python-Test-Group-6  1000040493,OU=mg,OU=group,O=slb,C=an | success=True | details=
2026-09-24 09:23:11,771 | INFO | AUDIT | action=ADD | user=CN=John Camacho  1290139,OU=employee,O=slb,C=an | group=CN=Other - Python-Test-Group-6  1000040493,OU=mg,OU=group,O=slb,C=an | success=True | details=
2026-09-24 09:23:12,008 | INFO | AUDIT | action=ADD | user=CN=Juan Rosero  1273831,OU=employee,O=slb,C=an | group=CN=Other - Python-Test-Group-6  1000040493,OU=mg,OU=group,O=slb,C=an | success=True | details=
2026-09-24 09:23:12,247 | INFO | AUDIT | action=ADD | user=CN=Isabella Herran  2061216,OU=employee,O=slb,C=an | group=CN=Other - Python-Test-Group-6  1000040493,OU=mg,OU=group,O=slb,C=an | success=True | details=
2026-09-24 09:23:12,483 | INFO | AUDIT | action=ADD | user=CN=Ivan Rojo-trejo  1259487,OU=employee,O=slb,C=an | group=CN=Other - Python-Test-Group-6  1000040493,OU=mg,OU=group,O=slb,C=an | success=True | details=
2026-09-24 09:23:12,721 | INFO | AUDIT | action=ADD | user=CN=Daffa Wahyu Mahardika  2062400,OU=student,O=slb,C=an | group=CN=Other - Python-Test-Group-6  1000040493,OU=mg,OU=group,O=slb,C=an | success=True | details=
2026-09-24 09:23:12,960 | INFO | AUDIT | action=ADD | user=CN=Nik Afiqah Wan Mohammad Zaimi  1010578,OU=employee,O=slb,C=an | group=CN=Other - Python-Test-Group-6  1000040493,OU=mg,OU=group,O=slb,C=an | success=True | details=
2026-09-24 09:23:13,197 | INFO | AUDIT | action=ADD | user=CN=Atikah Tauhid  1024808,OU=employee,O=slb,C=an | group=CN=Other - Python-Test-Group-6  1000040493,OU=mg,OU=group,O=slb,C=an | success=True | details=
2026-09-24 09:23:13,436 | INFO | AUDIT | action=ADD | user=CN=Angela Uribe  2014175,OU=employee,O=slb,C=an | group=CN=Other - Python-Test-Group-6  1000040493,OU=mg,OU=group,O=slb,C=an | success=True | details=
2026-09-24 09:23:13,671 | INFO | AUDIT | action=ADD | user=CN=Didier Leon  1280483,OU=employee,O=slb,C=an | group=CN=Other - Python-Test-Group-6  1000040493,OU=mg,OU=group,O=slb,C=an | success=True | details=
2026-09-24 09:23:13,911 | INFO | AUDIT | action=ADD | user=CN=Xue Li Chua  898059,OU=employee,O=slb,C=an | group=CN=Other - Python-Test-Group-6  1000040493,OU=mg,OU=group,O=slb,C=an | success=True | details=
2026-09-24 09:23:14,153 | INFO | AUDIT | action=ADD | user=CN=Nur Faqihah Mastura Binti Ismail  2067210,OU=student,O=slb,C=an | group=CN=Other - Python-Test-Group-6  1000040493,OU=mg,OU=group,O=slb,C=an | success=True | details=
2026-09-24 09:23:14,394 | INFO | AUDIT | action=ADD | user=CN=Mateo Perea  1290116,OU=employee,O=slb,C=an | group=CN=Other - Python-Test-Group-6  1000040493,OU=mg,OU=group,O=slb,C=an | success=True | details=
2026-09-24 09:23:14,631 | INFO | AUDIT | action=ADD | user=CN=Aiman Azrie Bin Hashim  2066490,OU=student,O=slb,C=an | group=CN=Other - Python-Test-Group-6  1000040493,OU=mg,OU=group,O=slb,C=an | success=True | details=
2026-09-24 09:23:14,867 | INFO | AUDIT | action=ADD | user=CN=Jose Oquendo  1280711,OU=employee,O=slb,C=an | group=CN=Other - Python-Test-Group-6  1000040493,OU=mg,OU=group,O=slb,C=an | success=True | details=
2026-09-24 09:23:15,100 | INFO | AUDIT | action=ADD | user=CN=Cristhian Nieto  1284871,OU=employee,O=slb,C=an | group=CN=Other - Python-Test-Group-6  1000040493,OU=mg,OU=group,O=slb,C=an | success=True | details=
2026-09-24 09:23:15,334 | INFO | AUDIT | action=ADD | user=CN=Nurul Izzah Sophiah Mohd Azman  1275532,OU=employee,O=slb,C=an | group=CN=Other - Python-Test-Group-6  1000040493,OU=mg,OU=group,O=slb,C=an | success=True | details=
2026-09-24 09:23:15,574 | INFO | AUDIT | action=ADD | user=CN=Darwin Guiza  1289803,OU=employee,O=slb,C=an | group=CN=Other - Python-Test-Group-6  1000040493,OU=mg,OU=group,O=slb,C=an | success=True | details=
2026-09-24 09:23:15,811 | INFO | AUDIT | action=ADD | user=CN=Lina Castro  1304396,OU=employee,O=slb,C=an | group=CN=Other - Python-Test-Group-6  1000040493,OU=mg,OU=group,O=slb,C=an | success=True | details=
2026-09-24 09:23:16,047 | INFO | AUDIT | action=ADD | user=CN=Valeria Medina  2047803,OU=student,O=slb,C=an | group=CN=Other - Python-Test-Group-6  1000040493,OU=mg,OU=group,O=slb,C=an | success=True | details=
2026-09-24 09:23:16,285 | INFO | AUDIT | action=ADD | user=CN=Amy Shikin Andi Asdi  868447,OU=employee,O=slb,C=an | group=CN=Other - Python-Test-Group-6  1000040493,OU=mg,OU=group,O=slb,C=an | success=True | details=
2026-09-24 09:23:16,520 | INFO | AUDIT | action=ADD | user=CN=Menagah Goval  881466,OU=employee,O=slb,C=an | group=CN=Other - Python-Test-Group-6  1000040493,OU=mg,OU=group,O=slb,C=an | success=True | details=
2026-09-24 09:23:16,759 | INFO | AUDIT | action=ADD | user=CN=Muhammad Adil Wafi Muhammad Zaini  1052878,OU=employee,O=slb,C=an | group=CN=Other - Python-Test-Group-6  1000040493,OU=mg,OU=group,O=slb,C=an | success=True | details=
2026-09-24 09:23:17,008 | INFO | AUDIT | action=ADD | user=CN=Siti Hajar Binti Muchtar  1359602,OU=employee,O=slb,C=an | group=CN=Other - Python-Test-Group-6  1000040493,OU=mg,OU=group,O=slb,C=an | success=True | details=
2026-09-24 09:23:17,243 | INFO | AUDIT | action=ADD | user=CN=Nurulain Balqis Binti Mat Daud  2067753,OU=student,O=slb,C=an | group=CN=Other - Python-Test-Group-6  1000040493,OU=mg,OU=group,O=slb,C=an | success=True | details=
2026-09-24 09:23:17,479 | INFO | AUDIT | action=ADD | user=CN=David Pena  1284569,OU=employee,O=slb,C=an | group=CN=Other - Python-Test-Group-6  1000040493,OU=mg,OU=group,O=slb,C=an | success=True | details=
2026-09-24 09:23:17,714 | INFO | AUDIT | action=ADD | user=CN=Juan Gomez  1284412,OU=employee,O=slb,C=an | group=CN=Other - Python-Test-Group-6  1000040493,OU=mg,OU=group,O=slb,C=an | success=True | details=
2026-09-24 09:23:17,946 | INFO | AD_TO_LDS complete | source=Python-Test-Group-5 | target=Other_Python-Test-Group-6 | source_members=45 | target_members=0 | add=37 | remove=0
2026-09-24 09:23:17,947 | INFO | AUDIT | action=SYNC_AD_TO_LDS | user=Python-Test-Group-5 | group=Other_Python-Test-Group-6 | success=True | details=source_members=45;target_members=0;add=37;remove=0
2026-09-24 09:24:56,865 | INFO | Secret 'ad-cred' retrieved successfully
2026-09-24 09:25:01,168 | INFO | LDAP connection successful | user=SVC-Python@slb-tst.com | server=dir-tst.slb-tst.com
2026-09-24 09:25:01,169 | INFO | LDAP service initialized | host=dir-tst.slb-tst.com | port=636 | search_base=DC=dir-tst,DC=slb-tst,DC=com
2026-09-24 09:25:01,691 | INFO | EntraIDService initialized (Interactive / Delegated) | tenant=organizations
2026-09-24 09:25:04,436 | INFO | Secret 'lds-cred' retrieved successfully
2026-09-24 09:25:06,685 | INFO | LDAP connection successful | user=GuermeurGroupManagem@slb.com | server=evq.lds.slb.com
2026-09-24 09:25:06,686 | INFO | LDAP service initialized | host=evq.lds.slb.com | port=636 | search_base=O=slb,C=an
2026-09-24 09:25:06,688 | INFO | Running sync 'Python Test Group Sync AD to AD 2::Python-Test-Group-2->Python-Test-Group-1' (AD_TO_AD)
2026-09-24 09:25:06,690 | INFO | Starting AD_TO_AD sync | source=Python-Test-Group-2 | target=Python-Test-Group-1
2026-09-24 09:25:07,383 | INFO | Retrieved group members | group=Python-Test-Group-2 | count=5
2026-09-24 09:25:07,619 | INFO | Retrieved group members | group=Python-Test-Group-1 | count=5
2026-09-24 09:25:07,619 | INFO | AD_TO_AD complete | source=Python-Test-Group-2 | target=Python-Test-Group-1 | source_members=5 | target_members=5 | add=0 | remove=0
2026-09-24 09:25:07,620 | INFO | AUDIT | action=SYNC_AD_TO_AD | user=Python-Test-Group-2 | group=Python-Test-Group-1 | success=True | details=source_members=5;target_members=5;add=0;remove=0
2026-09-24 09:25:22,535 | INFO | Secret 'ad-cred' retrieved successfully
2026-09-24 09:25:27,272 | INFO | LDAP connection successful | user=SVC-Python@slb-tst.com | server=dir-tst.slb-tst.com
2026-09-24 09:25:27,273 | INFO | LDAP service initialized | host=dir-tst.slb-tst.com | port=636 | search_base=DC=dir-tst,DC=slb-tst,DC=com
2026-09-24 09:25:27,797 | INFO | EntraIDService initialized (Interactive / Delegated) | tenant=organizations
2026-09-24 09:25:30,945 | INFO | Secret 'lds-cred' retrieved successfully
2026-09-24 09:25:33,075 | INFO | LDAP connection successful | user=GuermeurGroupManagem@slb.com | server=evq.lds.slb.com
2026-09-24 09:25:33,075 | INFO | LDAP service initialized | host=evq.lds.slb.com | port=636 | search_base=O=slb,C=an
2026-09-24 09:25:33,078 | INFO | Running sync 'Python Test Group Sync AD to AD 2::Python-Test-Group-2->Python-Test-Group-1' (AD_TO_AD)
2026-09-24 09:25:33,532 | INFO | Skipping sync 'Python Test Group Sync AD to AD 2::Python-Test-Group-2->Python-Test-Group-1': no changes detected since last run
2026-09-24 09:27:05,221 | INFO | Secret 'ad-cred' retrieved successfully
2026-09-24 09:27:11,276 | INFO | LDAP connection successful | user=SVC-Python@slb-tst.com | server=dir-tst.slb-tst.com
2026-09-24 09:27:11,276 | INFO | LDAP service initialized | host=dir-tst.slb-tst.com | port=636 | search_base=DC=dir-tst,DC=slb-tst,DC=com
2026-09-24 09:27:11,766 | INFO | EntraIDService initialized (Interactive / Delegated) | tenant=organizations
2026-09-24 09:27:14,917 | INFO | Secret 'lds-cred' retrieved successfully
2026-09-24 09:27:17,020 | INFO | LDAP connection successful | user=GuermeurGroupManagem@slb.com | server=evq.lds.slb.com
2026-09-24 09:27:17,021 | INFO | LDAP service initialized | host=evq.lds.slb.com | port=636 | search_base=O=slb,C=an
2026-09-24 09:27:17,025 | INFO | Found 3 enabled sync mappings across 3 configs
2026-09-24 09:27:17,026 | INFO | Running sync 'Python Test Group Sync AD to AD::Python-Test-Group-1->Python-Test-Group-2' (AD_TO_AD)
2026-09-24 09:27:17,495 | INFO | Starting AD_TO_AD sync | source=Python-Test-Group-1 | target=Python-Test-Group-2
2026-09-24 09:27:18,199 | INFO | Retrieved group members | group=Python-Test-Group-1 | count=5
2026-09-24 09:27:18,435 | INFO | Retrieved group members | group=Python-Test-Group-2 | count=5
2026-09-24 09:27:18,436 | INFO | AD_TO_AD complete | source=Python-Test-Group-1 | target=Python-Test-Group-2 | source_members=5 | target_members=5 | add=0 | remove=0
2026-09-24 09:27:18,437 | INFO | AUDIT | action=SYNC_AD_TO_AD | user=Python-Test-Group-1 | group=Python-Test-Group-2 | success=True | details=source_members=5;target_members=5;add=0;remove=0
2026-09-24 09:27:18,441 | INFO | Running sync 'Python Test Group Sync Entra to AD::Python-Test-Group-3->Python-Test-Group-4' (ENTRA_TO_AD)
2026-09-24 09:27:20,221 | INFO | Starting ENTRA_TO_AD sync | source=Python-Test-Group-3 | target=Python-Test-Group-4
2026-09-24 09:27:20,453 | INFO | Retrieving EntraID group members | group=Python-Test-Group-3
2026-09-24 09:27:20,454 | INFO | Searching EntraID group | group=Python-Test-Group-3
2026-09-24 09:27:21,768 | INFO | EntraID group found | group=Python-Test-Group-3 | id=61d5639d-ce08-4093-9c97-ef68286c09e4
2026-09-24 09:27:23,074 | INFO | EntraID members retrieved | group=Python-Test-Group-3 | count=5 | pages=1
2026-09-24 09:27:23,312 | INFO | User lookup successful | email=ADM-JCastano5@slb-tst.com | dn=CN=Jose Castano,OU=Priv,OU=Admins,DC=dir-tst,DC=slb-tst,DC=com
2026-09-24 09:27:23,542 | INFO | User lookup successful | email=ADM-GRiano2@slb-tst.com | dn=CN=Gabriel Riano,OU=Priv,OU=Admin,DC=dir-tst,DC=slb-tst,DC=com
2026-09-24 09:27:23,773 | INFO | User lookup successful | email=adm-JPena49@slb-tst.com | dn=CN=Jhon Pena,OU=Priv,OU=Admins,DC=dir-tst,DC=slb-tst,DC=com
2026-09-24 09:27:24,006 | INFO | User lookup successful | email=MBXHoustonAP@slb-tst.com | dn=CN=Mailbox Houston AP (Smith)  646954,OU=General,OU=Role,OU=Accounts,DC=dir-tst,DC=slb-tst,DC=com
2026-09-24 09:27:24,240 | INFO | User lookup successful | email=NEfendi@slb-tst.com | dn=CN=Nurul Nadiah Mhd Efendi  900402,OU=Employee,OU=Accounts,DC=dir-tst,DC=slb-tst,DC=com
2026-09-24 09:27:24,473 | INFO | Retrieved group members | group=Python-Test-Group-4 | count=5
2026-09-24 09:27:24,474 | INFO | ENTRA_TO_AD complete | source=Python-Test-Group-3 | target=Python-Test-Group-4 | source_members=5 | target_members=5 | add=0 | remove=0
2026-09-24 09:27:24,475 | INFO | AUDIT | action=SYNC_ENTRA_TO_AD | user=Python-Test-Group-3 | group=Python-Test-Group-4 | success=True | details=source_members=5;target_members=5;add=0;remove=0
2026-09-24 09:27:24,481 | INFO | Running sync 'Python Test Group Sync AD to LDS::Python-Test-Group-5->Other_Python-Test-Group-6' (AD_TO_LDS)
2026-09-24 09:27:24,944 | INFO | Starting AD_TO_LDS sync | source=Python-Test-Group-5 | target=Other_Python-Test-Group-6
2026-09-24 09:27:25,664 | INFO | Retrieved group members | group=Python-Test-Group-5 | count=45
2026-09-24 09:27:25,918 | INFO | Users resolved by IDs | count=37
2026-09-24 09:27:26,157 | INFO | Retrieved group members | group=Other_Python-Test-Group-6 | count=37
2026-09-24 09:27:26,158 | INFO | Delta calculated | source=Python-Test-Group-5 | target=Other_Python-Test-Group-6 | add=0 | remove=0
2026-09-24 09:27:26,628 | INFO | AD_TO_LDS complete | source=Python-Test-Group-5 | target=Other_Python-Test-Group-6 | source_members=45 | target_members=37 | add=0 | remove=0
2026-09-24 09:27:26,628 | INFO | AUDIT | action=SYNC_AD_TO_LDS | user=Python-Test-Group-5 | group=Other_Python-Test-Group-6 | success=True | details=source_members=45;target_members=37;add=0;remove=0
